Microsoft Windows [Version 10.0.19041.329]
(c) 2020 Microsoft Corporation. All rights reserved.

D:\A cs>git remote add origin https://github.com/Abhid14/pygranthalaya.git
fatal: not a git repository (or any of the parent directories): .git

D:\A cs>git init
Initialized empty Git repository in D:/A cs/.git/

D:\A cs>git remote add origin https://github.com/Abhid14/pygranthalaya.git

D:\A cs>git remote -v
origin  https://github.com/Abhid14/pygranthalaya.git (fetch)
origin  https://github.com/Abhid14/pygranthalaya.git (push)

D:\A cs>origin  https://github.com/Abhid14/pygranthalaya.git (fetch)
'origin' is not recognized as an internal or external command,
operable program or batch file.

D:\A cs>git fetch
remote: Enumerating objects: 4, done.
remote: Counting objects: 100% (4/4), done.
remote: Compressing objects: 100% (3/3), done.
remote: Total 4 (delta 0), reused 0 (delta 0), pack-reused 0
Unpacking objects: 100% (4/4), 12.45 KiB | 1.13 MiB/s, done.
From https://github.com/Abhid14/pygranthalaya
 * [new branch]      master     -> origin/master

D:\A cs>cd pygranthalaya

D:\A cs\pygranthalaya>git init
Initialized empty Git repository in D:/A cs/pygranthalaya/.git/

D:\A cs\pygranthalaya>git remote add origin https://github.com/Abhid14/pygranthalaya.git

D:\A cs\pygranthalaya>git remote -v
origin  https://github.com/Abhid14/pygranthalaya.git (fetch)
origin  https://github.com/Abhid14/pygranthalaya.git (push)

D:\A cs\pygranthalaya>git fetch
remote: Enumerating objects: 4, done.
remote: Counting objects: 100% (4/4), done.
remote: Compressing objects: 100% (3/3), done.
remote: Total 4 (delta 0), reused 0 (delta 0), pack-reused 0
Unpacking objects: 100% (4/4), 12.45 KiB | 910.00 KiB/s, done.
From https://github.com/Abhid14/pygranthalaya
 * [new branch]      master     -> origin/master

D:\A cs\pygranthalaya>git pull
There is no tracking information for the current branch.
Please specify which branch you want to merge with.
See git-pull(1) for details.

    git pull <remote> <branch>

If you wish to set tracking information for this branch you can do so with:

    git branch --set-upstream-to=origin/<branch> master


D:\A cs\pygranthalaya>git pull origin master
From https://github.com/Abhid14/pygranthalaya
 * branch            master     -> FETCH_HEAD

D:\A cs\pygranthalaya>git status
On branch master
Untracked files:
  (use "git add <file>..." to include in what will be committed)
        .vscode/
        aaaaa.json
        eG4_UserManual.pdf
        guide.py
        runtime/
        src/
        tools/
        web/

nothing added to commit but untracked files present (use "git add" to track)

D:\A cs\pygranthalaya>git add .
warning: LF will be replaced by CRLF in aaaaa.json.
The file will have its original line endings in your working directory
warning: LF will be replaced by CRLF in src/index.css.
The file will have its original line endings in your working directory
warning: LF will be replaced by CRLF in src/index.html.
The file will have its original line endings in your working directory
warning: LF will be replaced by CRLF in src/main.js.
The file will have its original line endings in your working directory

D:\A cs\pygranthalaya>git commit -m "first commit"
[master b230525] first commit
 15 files changed, 207 insertions(+)
 create mode 100644 .vscode/settings.json
 create mode 100644 aaaaa.json
 create mode 100644 eG4_UserManual.pdf
 create mode 100644 guide.py
 create mode 100644 runtime/library.py
 create mode 100644 runtime/lservice.py
 create mode 100644 runtime/lupdateservice.py
 create mode 100644 src/a
 create mode 100644 src/index.css
 create mode 100644 src/index.html
 create mode 100644 src/main.js
 create mode 100644 tools/export.py
 create mode 100644 tools/repair.py
 create mode 100644 tools/toolset.py
 create mode 100644 web/hello.html

D:\A cs\pygranthalaya>git branch
* master

D:\A cs\pygranthalaya>git push -u origin master
Enumerating objects: 17, done.
Counting objects: 100% (17/17), done.
Delta compression using up to 2 threads
Compressing objects: 100% (13/13), done.
Writing objects: 100% (16/16), 19.23 MiB | 1.85 MiB/s, done.
Total 16 (delta 0), reused 0 (delta 0), pack-reused 0
To https://github.com/Abhid14/pygranthalaya.git
   4b23059..b230525  master -> master
Branch 'master' set up to track remote branch 'master' from 'origin'.

D:\A cs\pygranthalaya>

Done